[www.phon.ox.ac.uk/jcoleman/TPS.html]
[backblue.gif]
[fade.gif]
[index.html]
[www.phon.ox.ac.uk/jcoleman/tdserver.js]
[www.phon.ox.ac.uk/jcoleman/p12c08.gif]
[www.phon.ox.ac.uk/_jcoleman/ICPhS.3.delayed]
[www.phon.ox.ac.uk/jcoleman/ICPhS.ps]
[www.phon.ox.ac.uk/_jcoleman/tldi.5.delayed]
[www.phon.ox.ac.uk/jcoleman/tldi.wav]
[www.phon.ox.ac.uk/_jcoleman/tskrt.wav]
[www.phon.ox.ac.uk/jcoleman/tskrt.wav]
[www.phon.ox.ac.uk/_jcoleman/tnsft.9.delayed]
[www.phon.ox.ac.uk/jcoleman/tnsft.wav]
[www.phon.ox.ac.uk/_jcoleman/txznt.wav]
[www.phon.ox.ac.uk/jcoleman/txznt.wav]
[www.phon.ox.ac.uk/_jcoleman/ikti.wav]
[www.phon.ox.ac.uk/jcoleman/ikti.wav]
[www.phon.ox.ac.uk/_jcoleman/ikwti.wav]
[www.phon.ox.ac.uk/jcoleman/ikwti.wav]
[www.phon.ox.ac.uk/_jcoleman/ttsxxan.wav]
[www.phon.ox.ac.uk/jcoleman/ttsxxan.wav]
[www.phon.ox.ac.uk/_jcoleman/ttbddal.wav]
[www.phon.ox.ac.uk/jcoleman/ttbddal.wav]
[www.phon.ox.ac.uk/_jcoleman/t_t_azin.wav]
[www.phon.ox.ac.uk/jcoleman/t_t_azin.wav]
[www.phon.ox.ac.uk/_jcoleman/ss.wav]
[www.phon.ox.ac.uk/jcoleman/ss.wav]
[www.phon.ox.ac.uk/_jcoleman/t_t_af.wav]
[www.phon.ox.ac.uk/jcoleman/t_t_af.wav]
[www.phon.ox.ac.uk/_jcoleman/t_t_as.wav]
[www.phon.ox.ac.uk/jcoleman/t_t_as.wav]
[www.phon.ox.ac.uk/_jcoleman/ttggwa.wav]
[www.phon.ox.ac.uk/jcoleman/ttggwa.wav]
[www.phon.ox.ac.uk/_jcoleman/ttgga.wav]
[www.phon.ox.ac.uk/jcoleman/ttgga.wav]
[www.phon.ox.ac.uk/_jcoleman/asakws.wav]
[www.phon.ox.ac.uk/jcoleman/asakws.wav]
[www.phon.ox.ac.uk/_jcoleman/isukas.wav]
[www.phon.ox.ac.uk/jcoleman/isukas.wav]
[www.phon.ox.ac.uk/_jcoleman/afr_ux.wav]
[www.phon.ox.ac.uk/jcoleman/afr_ux.wav]
[www.phon.ox.ac.uk/_jcoleman/tafruxt.wav]
[www.phon.ox.ac.uk/jcoleman/tafruxt.wav]
[www.phon.ox.ac.uk/_jcoleman/aywr_r_af1.wav]
[www.phon.ox.ac.uk/jcoleman/aywr_r_af1.wav]
[www.phon.ox.ac.uk/_jcoleman/aywr_mi.wav]
[www.phon.ox.ac.uk/jcoleman/aywr_mi.wav]
[www.phon.ox.ac.uk/_jcoleman/aggwrn.wav]
[www.phon.ox.ac.uk/jcoleman/aggwrn.wav]
[www.phon.ox.ac.uk/_jcoleman/aqwr_nif.wav]
[www.phon.ox.ac.uk/jcoleman/aqwr_nif.wav]
[www.phon.ox.ac.uk/_jcoleman/kd_u.wav]
[www.phon.ox.ac.uk/jcoleman/kd_u.wav]
[www.phon.ox.ac.uk/_jcoleman/gbu.wav]
[www.phon.ox.ac.uk/jcoleman/gbu.wav]
[www.phon.ox.ac.uk/_jcoleman/kwd_ix.wav]
[www.phon.ox.ac.uk/jcoleman/kwd_ix.wav]
[www.phon.ox.ac.uk/_jcoleman/ikwbar.wav]
[www.phon.ox.ac.uk/jcoleman/ikwbar.wav]
[www.phon.ox.ac.uk/_jcoleman/SSYwr_S.wav]
[www.phon.ox.ac.uk/jcoleman/SSYwr_S.wav]
[www.phon.ox.ac.uk/_jcoleman/akwr.wav]
[www.phon.ox.ac.uk/jcoleman/akwr.wav]
[www.phon.ox.ac.uk/_jcoleman/agwl.wav]
[www.phon.ox.ac.uk/jcoleman/agwl.wav]
[www.phon.ox.ac.uk/_jcoleman/jukrr.wav]
[www.phon.ox.ac.uk/jcoleman/jukrr.wav]
[www.phon.ox.ac.uk/_jcoleman/jugl.wav]
[www.phon.ox.ac.uk/jcoleman/jugl.wav]
[www.phon.ox.ac.uk/_jcoleman/ugmn.wav]
[www.phon.ox.ac.uk/jcoleman/ugmn.wav]
[www.phon.ox.ac.uk/_jcoleman/managu.wav]
[www.phon.ox.ac.uk/jcoleman/managu.wav]
[www.phon.ox.ac.uk/_jcoleman/managw.wav]
[www.phon.ox.ac.uk/jcoleman/managw.wav]
[www.phon.ox.ac.uk/_jcoleman/LD-aggwrn.wav]
[www.phon.ox.ac.uk/jcoleman/LD-aggwrn.wav]
[www.phon.ox.ac.uk/_jcoleman/LD-aggurn.wav]
[www.phon.ox.ac.uk/jcoleman/LD-aggurn.wav]
[www.phon.ox.ac.uk/_jcoleman/axwlil.wav]
[www.phon.ox.ac.uk/jcoleman/axwlil.wav]
[www.phon.ox.ac.uk/_jcoleman/axlul.wav]
[www.phon.ox.ac.uk/jcoleman/axlul.wav]
[www.phon.ox.ac.uk/_jcoleman/lqs_it_t_.wav]
[www.phon.ox.ac.uk/jcoleman/lqs_it_t_.wav]
[www.phon.ox.ac.uk/_jcoleman/lqs_t_t_.wav]
[www.phon.ox.ac.uk/jcoleman/lqs_t_t_.wav]
[www.phon.ox.ac.uk/_jcoleman/nsfat1.wav]
[www.phon.ox.ac.uk/jcoleman/nsfat1.wav]
[www.phon.ox.ac.uk/_jcoleman/tmzh_.wav]
[www.phon.ox.ac.uk/jcoleman/tmzh_.wav]
[www.phon.ox.ac.uk/_jcoleman/gn.wav]
[www.phon.ox.ac.uk/jcoleman/gn.wav]
[www.phon.ox.ac.uk/_jcoleman/gnnu.wav]
[www.phon.ox.ac.uk/jcoleman/gnnu.wav]
[www.phon.ox.ac.uk/_jcoleman/gnnu-gn.wav]
[www.phon.ox.ac.uk/jcoleman/gnnu-gn.wav]
[www.phon.ox.ac.uk/_jcoleman/iqql.wav]
[www.phon.ox.ac.uk/jcoleman/iqql.wav]
[www.phon.ox.ac.uk/_jcoleman/iqql-ql.wav]
[www.phon.ox.ac.uk/jcoleman/iqql-ql.wav]
[www.phon.ox.ac.uk/_jcoleman/ismuqql.wav]
[www.phon.ox.ac.uk/jcoleman/ismuqql.wav]
[www.phon.ox.ac.uk/_jcoleman/ismuqql-ql.wav]
[www.phon.ox.ac.uk/jcoleman/ismuqql-ql.wav]
[www.phon.ox.ac.uk/_jcoleman/trglt.wav]
[www.phon.ox.ac.uk/jcoleman/trglt.wav]
[www.phon.ox.ac.uk/_jcoleman/trglt.gl.wav]
[www.phon.ox.ac.uk/jcoleman/trglt.gl.wav]
[www.phon.ox.ac.uk/_jcoleman/jugl-gl.wav]
[www.phon.ox.ac.uk/jcoleman/jugl-gl.wav]
[www.phon.ox.ac.uk/_jcoleman/uz_n_kwd_.wav]
[www.phon.ox.ac.uk/jcoleman/uz_n_kwd_.wav]
[www.phon.ox.ac.uk/_jcoleman/uz_n_kwd_-zn.wav]
[www.phon.ox.ac.uk/jcoleman/uz_n_kwd_-zn.wav]
[www.phon.ox.ac.uk/_jcoleman/azn.71.delayed]
[www.phon.ox.ac.uk/jcoleman/azn.wav]
[www.phon.ox.ac.uk/_jcoleman/azn-zn.wav]
[www.phon.ox.ac.uk/jcoleman/azn-zn.wav]
[www.phon.ox.ac.uk/_jcoleman/tudrt.wav]
[www.phon.ox.ac.uk/jcoleman/tudrt.wav]
[www.phon.ox.ac.uk/_jcoleman/tudrt.dr.wav]
[www.phon.ox.ac.uk/jcoleman/tudrt.dr.wav]
[www.phon.ox.ac.uk/_jcoleman/taydrt.wav]
[www.phon.ox.ac.uk/jcoleman/taydrt.wav]
[www.phon.ox.ac.uk/_jcoleman/taydrt.dr.wav]
[www.phon.ox.ac.uk/jcoleman/taydrt.dr.wav]
[www.phon.ox.ac.uk/_jcoleman/LD-abYyus.wav]
[www.phon.ox.ac.uk/jcoleman/LD-abYyus.wav]
[www.phon.ox.ac.uk/_jcoleman/LD-abYyus-bY.wav]
[www.phon.ox.ac.uk/jcoleman/LD-abYyus-bY.wav]
[www.phon.ox.ac.uk/_jcoleman/LD-tsbYt.wav]
[www.phon.ox.ac.uk/jcoleman/LD-tsbYt.wav]
[www.phon.ox.ac.uk/_jcoleman/LD-tsbYt-bY.wav]
[www.phon.ox.ac.uk/jcoleman/LD-tsbYt-bY.wav]
[www.phon.ox.ac.uk/_jcoleman/LD-kmmi.wav]
[www.phon.ox.ac.uk/jcoleman/LD-kmmi.wav]
[www.phon.ox.ac.uk/_jcoleman/LD-kmmi-km.wav]
[www.phon.ox.ac.uk/jcoleman/LD-kmmi-km.wav]
[www.phon.ox.ac.uk/_jcoleman/LD-uglhkm.wav]
[www.phon.ox.ac.uk/jcoleman/LD-uglhkm.wav]
[www.phon.ox.ac.uk/_jcoleman/LD-uglhkm-km.wav]
[www.phon.ox.ac.uk/jcoleman/LD-uglhkm-km.wav]
[www.phon.ox.ac.uk/_jcoleman/LD-akmmus.wav]
[www.phon.ox.ac.uk/jcoleman/LD-akmmus.wav]
[www.phon.ox.ac.uk/_jcoleman/LD-akmmus-km.wav]
[www.phon.ox.ac.uk/jcoleman/LD-akmmus-km.wav]
[www.phon.ox.ac.uk/_jcoleman/tskrt.kr.wav]
[www.phon.ox.ac.uk/jcoleman/tskrt.kr.wav]
[www.phon.ox.ac.uk/_jcoleman/yukr.wav]
[www.phon.ox.ac.uk/jcoleman/yukr.wav]
[www.phon.ox.ac.uk/_jcoleman/yukr.kr.wav]
[www.phon.ox.ac.uk/jcoleman/yukr.kr.wav]
[www.phon.ox.ac.uk/_jcoleman/ikrzawn.wav]
[www.phon.ox.ac.uk/jcoleman/ikrzawn.wav]
[www.phon.ox.ac.uk/_jcoleman/ikrzawn-kr.wav]
[www.phon.ox.ac.uk/jcoleman/ikrzawn-kr.wav]
[www.phon.ox.ac.uk/_jcoleman/akrkur.wav]
[www.phon.ox.ac.uk/jcoleman/akrkur.wav]
[www.phon.ox.ac.uk/_jcoleman/akrkur.kr.wav]
[www.phon.ox.ac.uk/jcoleman/akrkur.kr.wav]
[www.phon.ox.ac.uk/_jcoleman/turmt.wav]
[www.phon.ox.ac.uk/jcoleman/turmt.wav]
[www.phon.ox.ac.uk/_jcoleman/tsd_r_t_.wav]
[www.phon.ox.ac.uk/jcoleman/tsd_r_t_.wav]
[www.phon.ox.ac.uk/_jcoleman/trkst.wav]
[www.phon.ox.ac.uk/jcoleman/trkst.wav]
[www.phon.ox.ac.uk/_jcoleman/trksas.wav]
[www.phon.ox.ac.uk/jcoleman/trksas.wav]
[www.phon.ox.ac.uk/_jcoleman/LD-lwr.wav]
[www.phon.ox.ac.uk/jcoleman/LD-lwr.wav]
[www.phon.ox.ac.uk/_jcoleman/aZZ.wav]
[www.phon.ox.ac.uk/jcoleman/aZZ.wav]
[www.phon.ox.ac.uk/_jcoleman/izgr.wav]
[www.phon.ox.ac.uk/jcoleman/izgr.wav]
[www.phon.ox.ac.uk/_jcoleman/inxar_.wav]
[www.phon.ox.ac.uk/jcoleman/inxar_.wav]
[www.phon.ox.ac.uk/_jcoleman/imqqur_.wav]
[www.phon.ox.ac.uk/jcoleman/imqqur_.wav]
[www.phon.ox.ac.uk/_jcoleman/imz_z_i.wav]
[www.phon.ox.ac.uk/jcoleman/imz_z_i.wav]
[www.phon.ox.ac.uk/_jcoleman/islm.wav]
[www.phon.ox.ac.uk/jcoleman/islm.wav]
[www.phon.ox.ac.uk/_jcoleman/txznakkw.wav]
[www.phon.ox.ac.uk/jcoleman/txznakkw.wav]
[www.phon.ox.ac.uk/_jcoleman/tbxlakkw.wav]
[www.phon.ox.ac.uk/jcoleman/tbxlakkw.wav]
[www.phon.ox.ac.uk/_jcoleman/rglx.wav]
[www.phon.ox.ac.uk/jcoleman/rglx.wav]
[www.phon.ox.ac.uk/_jcoleman/ixng.wav]
[www.phon.ox.ac.uk/jcoleman/ixng.wav]
[www.phon.ox.ac.uk/_jcoleman/ixngt.wav]
[www.phon.ox.ac.uk/jcoleman/ixngt.wav]
[www.phon.ox.ac.uk/_jcoleman/aristajlqqajd.wav]
[www.phon.ox.ac.uk/jcoleman/aristajlqqajd.wav]
[www.phon.ox.ac.uk/_jcoleman/inawlmas.wav]
[www.phon.ox.ac.uk/jcoleman/inawlmas.wav]
[www.phon.ox.ac.uk/_jcoleman/tbxlakkw-tb.c3.delayed]
[www.phon.ox.ac.uk/jcoleman/tbxlakkw-tb.wav]
[www.phon.ox.ac.uk/_jcoleman/tbxlakkw-x.c5.delayed]
[www.phon.ox.ac.uk/jcoleman/tbxlakkw-x.wav]
[www.phon.ox.ac.uk/_jcoleman/tbxlakkw-lakkw.wav]
[www.phon.ox.ac.uk/jcoleman/tbxlakkw-lakkw.wav]
[www.phon.ox.ac.uk/_jcoleman/rglx-rg.wav]
[www.phon.ox.ac.uk/jcoleman/rglx-rg.wav]
[www.phon.ox.ac.uk/_jcoleman/rglx-lx.wav]
[www.phon.ox.ac.uk/jcoleman/rglx-lx.wav]
[www.phon.ox.ac.uk/_jcoleman/lYwr_d.wav]
[www.phon.ox.ac.uk/jcoleman/lYwr_d.wav]
[www.phon.ox.ac.uk/_jcoleman/xzr.wav]
[www.phon.ox.ac.uk/jcoleman/xzr.wav]
[www.phon.ox.ac.uk/_jcoleman/tzgr.wav]
[www.phon.ox.ac.uk/jcoleman/tzgr.wav]
[www.phon.ox.ac.uk/_jcoleman/zYwr_.wav]
[www.phon.ox.ac.uk/jcoleman/zYwr_.wav]
[www.phon.ox.ac.uk/_jcoleman/zr_.wav]
[www.phon.ox.ac.uk/jcoleman/zr_.wav]
[www.phon.ox.ac.uk/_jcoleman/gwmr.wav]
[www.phon.ox.ac.uk/jcoleman/gwmr.wav]
[www.phon.ox.ac.uk/_jcoleman/t_n_gd_t_.wav]
[www.phon.ox.ac.uk/jcoleman/t_n_gd_t_.wav]
[www.phon.ox.ac.uk/_jcoleman/rgl.wav]
[www.phon.ox.ac.uk/jcoleman/rgl.wav]
[www.phon.ox.ac.uk/_jcoleman/kSm.wav]
[www.phon.ox.ac.uk/jcoleman/kSm.wav]
[www.phon.ox.ac.uk/_jcoleman/nnqqwr_t_.wav]
[www.phon.ox.ac.uk/jcoleman/nnqqwr_t_.wav]
[www.phon.ox.ac.uk/_jcoleman/gwdm.wav]
[www.phon.ox.ac.uk/jcoleman/gwdm.wav]
[www.phon.ox.ac.uk/_jcoleman/ssrksxt.wav]
[www.phon.ox.ac.uk/jcoleman/ssrksxt.wav]
[www.phon.ox.ac.uk/jcoleman/TPS.html]
[www.phon.ox.ac.uk/jcoleman/tdserver.html]
